
> p-l-manager@1.0.0 build
> node node_modules/typescript/bin/tsc && node node_modules/vite/bin/vite.js build

src/components/Layout.tsx(13,38): error TS2307: Cannot find module '../context/RestaurantContext' or its corresponding type declarations.
src/components/Layout.tsx(22,27): error TS2307: Cannot find module '../context' or its corresponding type declarations.
src/context/AppContext.test.tsx(4,37): error TS2307: Cannot find module './AppContext' or its corresponding type declarations.
src/context/AppContext.test.tsx(166,11): error TS6133: 'rerender' is declared but its value is never read.
src/core/context/AppContext.test.tsx(166,11): error TS6133: 'rerender' is declared but its value is never read.
src/core/hooks/useRestaurant.ts(4,33): error TS2307: Cannot find module '../types' or its corresponding type declarations.
src/core/services/CompanyService.ts(2,1): error TS6133: 'useMemo' is declared but its value is never read.
src/core/services/DatabaseService.ts(5,8): error TS2307: Cannot find module '../types' or its corresponding type declarations.
src/core/services/DatabaseService.ts(49,14): error TS2420: Class 'DatabaseService' incorrectly implements interface 'Collections'.
  Index signature for type 'string' is missing in type 'DatabaseService'.
src/core/services/DatabaseService.ts(181,11): error TS6133: 'load' is declared but its value is never read.
src/core/services/DatabaseService.ts(202,12): error TS7053: Element implicitly has an 'any' type because expression of type 'CollectionName' can't be used to index type 'DatabaseService'.
src/core/services/DatabaseService.ts(209,5): error TS7053: Element implicitly has an 'any' type because expression of type 'CollectionName' can't be used to index type 'DatabaseService'.
src/core/services/DatabaseService.ts(662,38): error TS7053: Element implicitly has an 'any' type because expression of type 'CollectionName' can't be used to index type 'DatabaseService'.
src/core/services/DataIntegrityService.ts(1,49): error TS2307: Cannot find module '../types' or its corresponding type declarations.
src/core/services/DataIntegrityService.ts(65,30): error TS7053: Element implicitly has an 'any' type because expression of type 'CollectionName' can't be used to index type 'DatabaseService'.
src/core/services/DataIntegrityService.ts(102,26): error TS7053: Element implicitly has an 'any' type because expression of type 'CollectionName' can't be used to index type 'DatabaseService'.
src/core/services/DataIntegrityService.ts(106,34): error TS7053: Element implicitly has an 'any' type because expression of type 'CollectionName' can't be used to index type 'DatabaseService'.
src/core/services/DataIntegrityService.ts(167,5): error TS6133: 'missingFields' is declared but its value is never read.
src/core/services/DataIntegrityService.ts(264,30): error TS7053: Element implicitly has an 'any' type because expression of type 'CollectionName' can't be used to index type 'DatabaseService'.
src/core/services/FirestoreService.ts(166,11): error TS2740: Type '{ productos: string[]; proveedores: string[]; facturas: string[]; albaranes: string[]; inventarios: string[]; cierres: string[]; escandallos: string[]; delivery: string[]; usuarios: string[]; roles: string[]; }' is missing the following properties from type 'Record<CollectionName, string[]>': companies, restaurants, transfers, workers, and 2 more.
src/core/services/RestaurantService.ts(1,41): error TS2307: Cannot find module '../types' or its corresponding type declarations.
src/core/services/RestaurantService.ts(62,67): error TS7006: Parameter 'id' implicitly has an 'any' type.
src/core/utils/databaseDiagnostics.ts(1,49): error TS2307: Cannot find module '../types' or its corresponding type declarations.
src/core/utils/databaseDiagnostics.ts(119,23): error TS7053: Element implicitly has an 'any' type because expression of type 'CollectionName' can't be used to index type 'DatabaseService'.
src/core/utils/databaseDiagnostics.ts(443,18): error TS7053: Element implicitly has an 'any' type because expression of type 'CollectionName' can't be used to index type 'DatabaseService'.
src/core/utils/databaseDiagnostics.ts(505,25): error TS7053: Element implicitly has an 'any' type because expression of type 'CollectionName' can't be used to index type 'DatabaseService'.
src/core/utils/databaseDiagnostics.ts(520,65): error TS18046: 'item' is of type 'unknown'.
src/core/utils/migration.ts(78,55): error TS2554: Expected 2 arguments, but got 1.
src/core/utils/migration.ts(145,58): error TS2551: Property 'getRestaurants' does not exist on type 'RestaurantService'. Did you mean 'getRestaurant'?
src/core/utils/migration.ts(200,35): error TS2551: Property 'deleteCompany' does not exist on type 'CompanyService'. Did you mean 'getCompany'?
src/core/utils/migration.ts(203,56): error TS2551: Property 'getRestaurants' does not exist on type 'RestaurantService'. Did you mean 'getRestaurant'?
src/core/utils/migration.ts(205,38): error TS2551: Property 'deleteRestaurant' does not exist on type 'RestaurantService'. Did you mean 'getRestaurant'?
src/features/personal/services/WorkerService.ts(84,23): error TS6133: 'workerId' is declared but its value is never read.
src/features/personal/services/WorkerService.ts(84,41): error TS6133: 'restaurantId' is declared but its value is never read.
src/features/personal/UsersPage.tsx(3,5): error TS6133: 'Users' is declared but its value is never read.
src/features/personal/UsersPage.tsx(10,5): error TS6133: 'Check' is declared but its value is never read.
src/features/personal/UsersPage.tsx(12,5): error TS6133: 'Plus' is declared but its value is never read.
src/features/personal/UsersPage.tsx(18,25): error TS6133: 'Select' is declared but its value is never read.
src/features/personal/UsersPage.tsx(135,12): error TS6133: 'editingRole' is declared but its value is never read.
src/features/personal/UsersPage.tsx(135,25): error TS6133: 'setEditingRole' is declared but its value is never read.
src/features/personal/UsersPage.tsx(146,12): error TS6133: 'roleFormData' is declared but its value is never read.
src/features/personal/UsersPage.tsx(146,26): error TS6133: 'setRoleFormData' is declared but its value is never read.
src/features/personal/WorkersPage.tsx(3,5): error TS6133: 'Users' is declared but its value is never read.
src/features/personal/WorkersPage.tsx(9,5): error TS6133: 'Check' is declared but its value is never read.
src/features/personal/WorkersPage.tsx(12,5): error TS6133: 'UserCheck' is declared but its value is never read.
src/features/personal/WorkersPage.tsx(18,1): error TS6133: 'formatDate' is declared but its value is never read.
src/features/personal/WorkersPage.tsx(22,11): error TS6133: 'db' is declared but its value is never read.
src/hooks/useDatabase.test.ts(3,29): error TS2307: Cannot find module './useDatabase' or its corresponding type declarations.
src/hooks/useFinance.test.ts(4,33): error TS2307: Cannot find module '../services/DatabaseService' or its corresponding type declarations.
src/hooks/useFinance.test.ts(99,9): error TS2353: Object literal may only specify known properties, and 'cashBreakdown' does not exist in type 'ClosingData'.
src/hooks/useFinance.test.ts(142,9): error TS2353: Object literal may only specify known properties, and 'cashBreakdown' does not exist in type 'ClosingData'.
src/hooks/useInventory.test.ts(4,33): error TS2307: Cannot find module '../services/DatabaseService' or its corresponding type declarations.
src/hooks/useInvoices.test.ts(4,33): error TS2307: Cannot find module '../services/DatabaseService' or its corresponding type declarations.
src/hooks/useInvoices.test.ts(160,9): error TS2353: Object literal may only specify known properties, and 'baseImponible' does not exist in type 'Omit<Invoice, "id">'.
src/hooks/useInvoices.test.ts(191,9): error TS2353: Object literal may only specify known properties, and 'baseImponible' does not exist in type 'Omit<Invoice, "id">'.
src/hooks/useProviders.test.ts(4,33): error TS2307: Cannot find module '../services/DatabaseService' or its corresponding type declarations.
src/pages/CierresPage.test.tsx(5,38): error TS6196: 'Datafono' is declared but never used.
src/pages/CierresPage.test.tsx(5,48): error TS6196: 'OtroMedio' is declared but never used.
src/pages/CierresPage.test.tsx(16,29): error TS2307: Cannot find module '../hooks/useDatabase' or its corresponding type declarations.
src/pages/CierresPage.tsx(7,3): error TS6133: 'BarChart3' is declared but its value is never read.
src/pages/CierresPage.tsx(14,3): error TS6133: 'ArrowRight' is declared but its value is never read.
src/pages/CierresPage.tsx(15,3): error TS6133: 'ArrowLeft' is declared but its value is never read.
src/pages/CierresPage.tsx(17,50): error TS6133: 'FormSection' is declared but its value is never read.
src/pages/CierresPage.tsx(17,63): error TS6133: 'StepIndicator' is declared but its value is never read.
src/pages/CierresPage.tsx(142,9): error TS6133: 'handleNextStep' is declared but its value is never read.
src/pages/CierresPage.tsx(169,9): error TS6133: 'handlePreviousStep' is declared but its value is never read.
src/pages/DashboardPage.tsx(40,9): error TS6133: 'formatPercentage' is declared but its value is never read.
src/pages/DashboardPage.tsx(97,57): error TS6133: 'f' is declared but its value is never read.
src/pages/DashboardPage.tsx(289,66): error TS6133: 'f' is declared but its value is never read.
src/pages/EscandallosPage.tsx(1,27): error TS6133: 'useEffect' is declared but its value is never read.
src/pages/EscandallosPage.tsx(5,3): error TS6133: 'Calculator' is declared but its value is never read.
src/pages/EscandallosPage.tsx(8,3): error TS6133: 'Filter' is declared but its value is never read.
src/pages/EscandallosPage.tsx(14,3): error TS6133: 'AlertCircle' is declared but its value is never read.
src/pages/EscandallosPage.tsx(16,25): error TS6133: 'Select' is declared but its value is never read.
src/pages/EscandallosPage.tsx(21,26): error TS6133: 'formatDate' is declared but its value is never read.
src/pages/EscandallosPage.tsx(95,34): error TS6133: 'e' is declared but its value is never read.
src/pages/InventariosPage.tsx(3,3): error TS6133: 'Package' is declared but its value is never read.
src/pages/InventariosPage.tsx(6,3): error TS6133: 'Calendar' is declared but its value is never read.
src/pages/InventariosPage.tsx(8,3): error TS6133: 'MapPin' is declared but its value is never read.
src/pages/InventariosPage.tsx(11,3): error TS6133: 'Edit' is declared but its value is never read.
src/pages/InventariosPage.tsx(479,23): error TS2322: Type '{ value: string | undefined; label: string | undefined; }' is not assignable to type 'SelectOption'.
  Types of property 'value' are incompatible.
    Type 'string | undefined' is not assignable to type 'string'.
      Type 'undefined' is not assignable to type 'string'.
src/pages/InventariosPage.tsx(490,25): error TS2322: Type '{ value: string | undefined; label: string | undefined; }' is not assignable to type 'SelectOption'.
  Types of property 'value' are incompatible.
    Type 'string | undefined' is not assignable to type 'string'.
      Type 'undefined' is not assignable to type 'string'.
src/pages/InventoryPage.test.tsx(5,33): error TS2307: Cannot find module '../services/DatabaseService' or its corresponding type declarations.
src/pages/InventoryPage.tsx(6,3): error TS6133: 'Filter' is declared but its value is never read.
src/pages/InventoryPage.tsx(8,3): error TS6133: 'Edit' is declared but its value is never read.
src/pages/InventoryPage.tsx(9,3): error TS6133: 'Trash2' is declared but its value is never read.
src/pages/InventoryPage.tsx(12,33): error TS2307: Cannot find module '../services/DatabaseService' or its corresponding type declarations.
src/pages/InventoryPage.tsx(65,28): error TS2552: Cannot find name 'ItemsService'. Did you mean 'itemsService'?
src/pages/InventoryPage.tsx(273,38): error TS7006: Parameter 'f' implicitly has an 'any' type.
src/pages/InventoryPage.tsx(364,9): error TS6133: 'columns' is declared but its value is never read.
src/pages/InventoryPage.tsx(604,35): error TS7006: Parameter 'f' implicitly has an 'any' type.
src/pages/InventoryPage.tsx(623,38): error TS7006: Parameter 'sf' implicitly has an 'any' type.
src/pages/InventoryPage.tsx(636,54): error TS7006: Parameter 'f' implicitly has an 'any' type.
src/pages/InvoicesPage.test.tsx(20,29): error TS2307: Cannot find module '../hooks/useDatabase' or its corresponding type declarations.
src/pages/MenuEngineeringPage.tsx(8,3): error TS6133: 'Filter' is declared but its value is never read.
src/pages/MenuEngineeringPage.tsx(12,46): error TS6133: 'FormSection' is declared but its value is never read.
src/pages/MenuEngineeringPage.tsx(15,26): error TS6133: 'formatDate' is declared but its value is never read.
src/pages/MenuEngineeringPage.tsx(74,36): error TS2339: Property 'total' does not exist on type 'Cierre'.
src/pages/OCRPage.tsx(20,48): error TS6133: 'FormSection' is declared but its value is never read.
src/pages/OrdersPage.tsx(3,3): error TS6133: 'ShoppingCart' is declared but its value is never read.
src/pages/PnLPage.tsx(1,38): error TS6133: 'useMemo' is declared but its value is never read.
src/pages/PnLPage.tsx(5,3): error TS6133: 'TrendingDown' is declared but its value is never read.
src/pages/PnLPage.tsx(8,3): error TS6133: 'DollarSign' is declared but its value is never read.
src/pages/PnLPage.tsx(9,3): error TS6133: 'Percent' is declared but its value is never read.
src/pages/PnLPage.tsx(12,24): error TS6133: 'DatePicker' is declared but its value is never read.
src/pages/PnLPage.tsx(17,26): error TS6133: 'formatDate' is declared but its value is never read.
src/pages/PnLPage.tsx(29,10): error TS6133: 'comparisonData' is declared but its value is never read.
src/pages/PnLPage.tsx(29,26): error TS6133: 'setComparisonData' is declared but its value is never read.
src/pages/PnLPage.tsx(60,9): error TS6133: 'calculateDeviation' is declared but its value is never read.
src/pages/ProvidersPage.test.tsx(5,33): error TS2307: Cannot find module '../services/DatabaseService' or its corresponding type declarations.
src/pages/ProvidersPage.tsx(3,27): error TS6133: 'useDatabase' is declared but its value is never read.
src/pages/ProvidersPage.tsx(34,5): error TS6133: 'searchProviders' is declared but its value is never read.
src/pages/TransfersPage.tsx(3,3): error TS6133: 'Package' is declared but its value is never read.
src/pages/TransfersPage.tsx(11,3): error TS6133: 'Filter' is declared but its value is never read.
src/pages/TransfersPage.tsx(13,59): error TS6133: 'DatePicker' is declared but its value is never read.
src/pages/TransfersPage.tsx(15,38): error TS2307: Cannot find module '../context/RestaurantContext' or its corresponding type declarations.
src/pages/TransfersPage.tsx(42,60): error TS7006: Parameter 'r' implicitly has an 'any' type.
src/pages/TransfersPage.tsx(271,40): error TS7006: Parameter 'r' implicitly has an 'any' type.
src/pages/TransfersPage.tsx(411,75): error TS7006: Parameter 'r' implicitly has an 'any' type.
src/pages/TransfersPage.tsx(420,75): error TS7006: Parameter 'r' implicitly has an 'any' type.
src/pages/TransfersPage.tsx(455,27): error TS6133: 'isOrigen' is declared but its value is never read.
src/services/DatabaseService.test.ts(2,33): error TS2307: Cannot find module './DatabaseService' or its corresponding type declarations.
src/services/FinanceService.test.ts(3,33): error TS2307: Cannot find module './DatabaseService' or its corresponding type declarations.
src/services/FinanceService.test.ts(4,1): error TS6133: 'Cierre' is declared but its value is never read.
src/services/FinanceService.test.ts(115,49): error TS2345: Argument of type '{ fecha: string; turno: string; cashBreakdown: { b50: number; b20: number; b10: number; m2: number; m1: number; }; datafonos: { terminal: string; importe: number; }[]; otrosMedios: { medio: string; importe: number; }[]; ... 5 more ...; posExtras: number; }' is not assignable to parameter of type 'ClosingData'.
  Property 'desgloseEfectivo' is missing in type '{ fecha: string; turno: string; cashBreakdown: { b50: number; b20: number; b10: number; m2: number; m1: number; }; datafonos: { terminal: string; importe: number; }[]; otrosMedios: { medio: string; importe: number; }[]; ... 5 more ...; posExtras: number; }' but required in type 'ClosingData'.
src/services/FinanceService.test.ts(142,34): error TS2345: Argument of type '{ cashBreakdown: { b50: number; b20: number; b10: number; }; fecha: string; turno: string; datafonos: { terminal: string; importe: number; }[]; otrosMedios: { medio: string; importe: number; }[]; realDelivery: number; ... 4 more ...; posExtras: number; }' is not assignable to parameter of type 'ClosingData'.
  Property 'desgloseEfectivo' is missing in type '{ cashBreakdown: { b50: number; b20: number; b10: number; }; fecha: string; turno: string; datafonos: { terminal: string; importe: number; }[]; otrosMedios: { medio: string; importe: number; }[]; realDelivery: number; ... 4 more ...; posExtras: number; }' but required in type 'ClosingData'.
src/services/FinanceService.test.ts(158,34): error TS2345: Argument of type '{ datafonos: { terminal: string; importe: number; }[]; fecha: string; turno: string; cashBreakdown: { b50: number; b20: number; b10: number; m2: number; m1: number; }; otrosMedios: { medio: string; importe: number; }[]; ... 5 more ...; posExtras: number; }' is not assignable to parameter of type 'ClosingData'.
  Property 'desgloseEfectivo' is missing in type '{ datafonos: { terminal: string; importe: number; }[]; fecha: string; turno: string; cashBreakdown: { b50: number; b20: number; b10: number; m2: number; m1: number; }; otrosMedios: { medio: string; importe: number; }[]; ... 5 more ...; posExtras: number; }' but required in type 'ClosingData'.
src/services/FinanceService.test.ts(174,34): error TS2345: Argument of type '{ otrosMedios: { medio: string; importe: number; }[]; fecha: string; turno: string; cashBreakdown: { b50: number; b20: number; b10: number; m2: number; m1: number; }; datafonos: { terminal: string; importe: number; }[]; ... 5 more ...; posExtras: number; }' is not assignable to parameter of type 'ClosingData'.
  Property 'desgloseEfectivo' is missing in type '{ otrosMedios: { medio: string; importe: number; }[]; fecha: string; turno: string; cashBreakdown: { b50: number; b20: number; b10: number; m2: number; m1: number; }; datafonos: { terminal: string; importe: number; }[]; ... 5 more ...; posExtras: number; }' but required in type 'ClosingData'.
src/services/FinanceService.test.ts(194,34): error TS2345: Argument of type '{ cashBreakdown: { b50: number; }; datafonos: { terminal: string; importe: number; }[]; otrosMedios: never[]; realDelivery: number; posEfectivo: number; posTarjetas: number; posDelivery: number; posExtras: number; fecha: string; turno: string; posTickets: number; }' is not assignable to parameter of type 'ClosingData'.
  Property 'desgloseEfectivo' is missing in type '{ cashBreakdown: { b50: number; }; datafonos: { terminal: string; importe: number; }[]; otrosMedios: never[]; realDelivery: number; posEfectivo: number; posTarjetas: number; posDelivery: number; posExtras: number; fecha: string; turno: string; posTickets: number; }' but required in type 'ClosingData'.
src/services/FinanceService.test.ts(215,34): error TS2345: Argument of type '{ cashBreakdown: { b50: number; }; datafonos: never[]; otrosMedios: never[]; realDelivery: number; posEfectivo: number; posTarjetas: number; posDelivery: number; posExtras: number; fecha: string; turno: string; posTickets: number; }' is not assignable to parameter of type 'ClosingData'.
  Property 'desgloseEfectivo' is missing in type '{ cashBreakdown: { b50: number; }; datafonos: never[]; otrosMedios: never[]; realDelivery: number; posEfectivo: number; posTarjetas: number; posDelivery: number; posExtras: number; fecha: string; turno: string; posTickets: number; }' but required in type 'ClosingData'.
src/services/FinanceService.test.ts(237,34): error TS2345: Argument of type '{ cashBreakdown: {}; datafonos: never[]; otrosMedios: never[]; realDelivery: number; posEfectivo: number; posTarjetas: number; posDelivery: number; posTickets: number; posExtras: number; fecha: string; turno: string; }' is not assignable to parameter of type 'ClosingData'.
  Property 'desgloseEfectivo' is missing in type '{ cashBreakdown: {}; datafonos: never[]; otrosMedios: never[]; realDelivery: number; posEfectivo: number; posTarjetas: number; posDelivery: number; posTickets: number; posExtras: number; fecha: string; turno: string; }' but required in type 'ClosingData'.
src/services/FinanceService.test.ts(247,50): error TS2345: Argument of type '{ fecha: string; turno: string; cashBreakdown: { b50: number; b20: number; b10: number; m2: number; m1: number; }; datafonos: { terminal: string; importe: number; }[]; otrosMedios: { medio: string; importe: number; }[]; ... 5 more ...; posExtras: number; }' is not assignable to parameter of type 'ClosingData'.
  Property 'desgloseEfectivo' is missing in type '{ fecha: string; turno: string; cashBreakdown: { b50: number; b20: number; b10: number; m2: number; m1: number; }; datafonos: { terminal: string; importe: number; }[]; otrosMedios: { medio: string; importe: number; }[]; ... 5 more ...; posExtras: number; }' but required in type 'ClosingData'.
src/services/FinanceService.test.ts(252,9): error TS2345: Argument of type '{ turno: string; posEfectivo: number; fecha: string; cashBreakdown: { b50: number; b20: number; b10: number; m2: number; m1: number; }; datafonos: { terminal: string; importe: number; }[]; otrosMedios: { medio: string; importe: number; }[]; ... 4 more ...; posExtras: number; }' is not assignable to parameter of type 'ClosingData'.
  Property 'desgloseEfectivo' is missing in type '{ turno: string; posEfectivo: number; fecha: string; cashBreakdown: { b50: number; b20: number; b10: number; m2: number; m1: number; }; datafonos: { terminal: string; importe: number; }[]; otrosMedios: { medio: string; importe: number; }[]; ... 4 more ...; posExtras: number; }' but required in type 'ClosingData'.
src/services/FinanceService.test.ts(278,56): error TS2353: Object literal may only specify known properties, and 'cashBreakdown' does not exist in type 'ClosingData'.
src/services/FinanceService.test.ts(286,49): error TS2345: Argument of type '{ fecha: string; turno: string; cashBreakdown: { b50: number; b20: number; b10: number; m2: number; m1: number; }; datafonos: { terminal: string; importe: number; }[]; otrosMedios: { medio: string; importe: number; }[]; ... 5 more ...; posExtras: number; }' is not assignable to parameter of type 'ClosingData'.
  Property 'desgloseEfectivo' is missing in type '{ fecha: string; turno: string; cashBreakdown: { b50: number; b20: number; b10: number; m2: number; m1: number; }; datafonos: { terminal: string; importe: number; }[]; otrosMedios: { medio: string; importe: number; }[]; ... 5 more ...; posExtras: number; }' but required in type 'ClosingData'.
src/services/FirebaseArchitecture.integration.test.ts(2,33): error TS2307: Cannot find module './DatabaseService' or its corresponding type declarations.
src/services/FirebaseArchitecture.integration.test.ts(3,34): error TS2307: Cannot find module './FirestoreService' or its corresponding type declarations.
src/services/FirebaseArchitecture.integration.test.ts(636,32): error TS7006: Parameter 'p' implicitly has an 'any' type.
src/services/FirebaseArchitecture.integration.test.ts(642,13): error TS6133: 'cloudResult' is declared but its value is never read.
src/services/FirestoreService.connection.test.ts(9,34): error TS2307: Cannot find module '@/services/FirestoreService' or its corresponding type declarations.
src/services/InventoryService.test.ts(3,33): error TS2307: Cannot find module './DatabaseService' or its corresponding type declarations.
src/services/InventoryService.test.ts(243,13): error TS6133: 'updated' is declared but its value is never read.
src/services/InventoryService.test.ts(243,60): error TS2345: Argument of type 'string | number | undefined' is not assignable to parameter of type 'number | undefined'.
  Type 'string' is not assignable to type 'number'.
src/services/ProviderService.test.ts(3,33): error TS2307: Cannot find module './DatabaseService' or its corresponding type declarations.
src/services/ProviderService.test.ts(4,1): error TS6133: 'Provider' is declared but its value is never read.
src/shared/components/layout/MobileSidebar.tsx(10,27): error TS2307: Cannot find module '@/context' or its corresponding type declarations.
src/shared/components/layout/Sidebar.tsx(12,27): error TS2307: Cannot find module '@/context' or its corresponding type declarations.
src/shared/components/layout/UserSection.tsx(7,27): error TS2307: Cannot find module '@/context' or its corresponding type declarations.
src/shared/index.ts(41,10): error TS2305: Module '"./components"' has no exported member 'SHARED_COMPONENTS_VERSION'.
src/test/E2E.complete.test.tsx(1,44): error TS6133: 'vi' is declared but its value is never read.
src/test/E2E.complete.test.tsx(2,46): error TS6133: 'within' is declared but its value is never read.
src/test/E2E.complete.test.tsx(5,33): error TS2307: Cannot find module '../services/DatabaseService' or its corresponding type declarations.
src/test/E2E.complete.test.tsx(29,7): error TS6133: 'db' is declared but its value is never read.
src/test/E2E.complete.test.tsx(676,13): error TS6133: 'container' is declared but its value is never read.
src/test/E2E.complete.test.tsx(733,13): error TS6133: 'container' is declared but its value is never read.
src/test/OCRFlow.test.tsx(36,7): error TS2353: Object literal may only specify known properties, and 'loading' does not exist in type '{ db: DatabaseService; }'.
